STATIC ERROR: error.integer_left_shift.jsonnet:3:1-17: numeric value outside safe integer range for bitwise operation.
